[bench] folder=3694 09.04.2026 IRA
[bench] total=257  jpg=27  png=230
[bench] env: PADDLE=false  VISION=false  POOL=auto
[14:53:03.503] [DBG] Tesseract worker created scope=ocr.tesseract dur_ms=6522 worker_path_set=true core_path_set=true
[14:53:03.833] [DBG] Tesseract worker created scope=ocr.tesseract dur_ms=6852 worker_path_set=true core_path_set=true
[14:53:04.967] [DBG] Tesseract worker created scope=ocr.tesseract dur_ms=7986 worker_path_set=true core_path_set=true
[14:53:05.032] [DBG] Tesseract worker created scope=ocr.tesseract dur_ms=8051 worker_path_set=true core_path_set=true
[14:53:05.466] [DBG] Tesseract worker created scope=ocr.tesseract dur_ms=8485 worker_path_set=true core_path_set=true
[14:53:06.463] [DBG] Tesseract worker created scope=ocr.tesseract dur_ms=9482 worker_path_set=true core_path_set=true
[14:53:07.290] [DBG] Tesseract worker created scope=ocr.tesseract dur_ms=10309 worker_path_set=true core_path_set=true
[14:53:08.153] [DBG] Tesseract worker created scope=ocr.tesseract dur_ms=11172 worker_path_set=true core_path_set=true
[14:53:08.154] [INF] TesseractPool init scope=ocr.pool workers=8 dur_ms=11174
[bench] pool ready in 11175ms
[bench] [phase1.jpg] disk read complete: 27 files in 487ms
[bench] [phase1.jpg] OCR done: 27/27 in 20.2s  (avg 749ms/img)
[bench] [phase2.png] disk read complete: 230 files in 656ms
[14:53:29.889] [DBG] barcode decode threw (non-NotFound) scope=ocr.barcode dur_ms=329 err="No MultiFormat Readers were able to detect the code."
[14:53:29.989] [DBG] barcode decode threw (non-NotFound) scope=ocr.barcode dur_ms=99 err="No MultiFormat Readers were able to detect the code."
[14:53:30.088] [DBG] barcode decode threw (non-NotFound) scope=ocr.barcode dur_ms=99 err="No MultiFormat Readers were able to detect the code."
[14:53:30.181] [DBG] barcode decode threw (non-NotFound) scope=ocr.barcode dur_ms=93 err="No MultiFormat Readers were able to detect the code."
[14:53:30.302] [DBG] barcode decode threw (non-NotFound) scope=ocr.barcode dur_ms=121 err="No MultiFormat Readers were able to detect the code."
[14:53:30.421] [DBG] barcode decode threw (non-NotFound) scope=ocr.barcode dur_ms=118 err="No MultiFormat Readers were able to detect the code."
[14:53:30.536] [DBG] barcode decode threw (non-NotFound) scope=ocr.barcode dur_ms=115 err="No MultiFormat Readers were able to detect the code."
[14:53:30.687] [DBG] barcode decode threw (non-NotFound) scope=ocr.barcode dur_ms=150 err="No MultiFormat Readers were able to detect the code."
[14:53:30.993] [DBG] barcode decode threw (non-NotFound) scope=ocr.barcode dur_ms=151 err="No MultiFormat Readers were able to detect the code."
[14:53:31.231] [DBG] barcode decode threw (non-NotFound) scope=ocr.barcode dur_ms=117 err="No MultiFormat Readers were able to detect the code."
[14:53:31.430] [DBG] barcode decode threw (non-NotFound) scope=ocr.barcode dur_ms=128 err="No MultiFormat Readers were able to detect the code."
[14:53:31.557] [DBG] barcode decode threw (non-NotFound) scope=ocr.barcode dur_ms=119 err="No MultiFormat Readers were able to detect the code."
[14:53:31.713] [DBG] barcode decode threw (non-NotFound) scope=ocr.barcode dur_ms=140 err="No MultiFormat Readers were able to detect the code."
[14:53:31.856] [DBG] barcode decode threw (non-NotFound) scope=ocr.barcode dur_ms=129 err="No MultiFormat Readers were able to detect the code."
[14:53:31.943] [DBG] barcode decode threw (non-NotFound) scope=ocr.barcode dur_ms=87 err="No MultiFormat Readers were able to detect the code."
[14:53:32.021] [DBG] barcode decode threw (non-NotFound) scope=ocr.barcode dur_ms=78 err="No MultiFormat Readers were able to detect the code."
[14:53:32.189] [DBG] barcode decode threw (non-NotFound) scope=ocr.barcode dur_ms=143 err="No MultiFormat Readers were able to detect the code."
[14:53:32.314] [DBG] barcode decode threw (non-NotFound) scope=ocr.barcode dur_ms=125 err="No MultiFormat Readers were able to detect the code."
[14:53:32.461] [DBG] barcode decode threw (non-NotFound) scope=ocr.barcode dur_ms=129 err="No MultiFormat Readers were able to detect the code."
[14:53:32.589] [DBG] barcode decode threw (non-NotFound) scope=ocr.barcode dur_ms=128 err="No MultiFormat Readers were able to detect the code."
[14:53:32.732] [DBG] barcode decode threw (non-NotFound) scope=ocr.barcode dur_ms=129 err="No MultiFormat Readers were able to detect the code."
[14:53:32.906] [DBG] barcode decode threw (non-NotFound) scope=ocr.barcode dur_ms=174 err="No MultiFormat Readers were able to detect the code."
[14:53:33.047] [DBG] barcode decode threw (non-NotFound) scope=ocr.barcode dur_ms=140 err="No MultiFormat Readers were able to detect the code."
[14:53:33.209] [DBG] barcode decode threw (non-NotFound) scope=ocr.barcode dur_ms=145 err="No MultiFormat Readers were able to detect the code."
[14:53:33.315] [DBG] barcode decode threw (non-NotFound) scope=ocr.barcode dur_ms=105 err="No MultiFormat Readers were able to detect the code."
[14:53:33.540] [DBG] barcode decode threw (non-NotFound) scope=ocr.barcode dur_ms=168 err="No MultiFormat Readers were able to detect the code."
[14:53:33.701] [DBG] barcode decode threw (non-NotFound) scope=ocr.barcode dur_ms=160 err="No MultiFormat Readers were able to detect the code."
[14:53:33.836] [DBG] barcode decode threw (non-NotFound) scope=ocr.barcode dur_ms=135 err="No MultiFormat Readers were able to detect the code."
[14:53:33.968] [DBG] barcode decode threw (non-NotFound) scope=ocr.barcode dur_ms=130 err="No MultiFormat Readers were able to detect the code."
[14:53:34.111] [DBG] barcode decode threw (non-NotFound) scope=ocr.barcode dur_ms=143 err="No MultiFormat Readers were able to detect the code."
[14:53:34.331] [DBG] barcode decode threw (non-NotFound) scope=ocr.barcode dur_ms=160 err="No MultiFormat Readers were able to detect the code."
[14:53:34.457] [DBG] barcode decode threw (non-NotFound) scope=ocr.barcode dur_ms=122 err="No MultiFormat Readers were able to detect the code."
[14:53:34.571] [DBG] barcode decode threw (non-NotFound) scope=ocr.barcode dur_ms=114 err="No MultiFormat Readers were able to detect the code."
[14:53:34.685] [DBG] barcode decode threw (non-NotFound) scope=ocr.barcode dur_ms=114 err="No MultiFormat Readers were able to detect the code."
[14:53:34.797] [DBG] barcode decode threw (non-NotFound) scope=ocr.barcode dur_ms=112 err="No MultiFormat Readers were able to detect the code."
[14:53:35.020] [DBG] barcode decode threw (non-NotFound) scope=ocr.barcode dur_ms=161 err="No MultiFormat Readers were able to detect the code."
[14:53:35.142] [DBG] barcode decode threw (non-NotFound) scope=ocr.barcode dur_ms=118 err="No MultiFormat Readers were able to detect the code."
[14:53:35.256] [DBG] barcode decode threw (non-NotFound) scope=ocr.barcode dur_ms=113 err="No MultiFormat Readers were able to detect the code."
[14:53:35.350] [DBG] barcode decode threw (non-NotFound) scope=ocr.barcode dur_ms=93 err="No MultiFormat Readers were able to detect the code."
[14:53:35.475] [DBG] barcode decode threw (non-NotFound) scope=ocr.barcode dur_ms=124 err="No MultiFormat Readers were able to detect the code."
[14:53:35.697] [DBG] barcode decode threw (non-NotFound) scope=ocr.barcode dur_ms=162 err="No MultiFormat Readers were able to detect the code."
[14:53:35.800] [DBG] barcode decode threw (non-NotFound) scope=ocr.barcode dur_ms=103 err="No MultiFormat Readers were able to detect the code."
[14:53:35.888] [DBG] barcode decode threw (non-NotFound) scope=ocr.barcode dur_ms=88 err="No MultiFormat Readers were able to detect the code."
[14:53:36.002] [DBG] barcode decode threw (non-NotFound) scope=ocr.barcode dur_ms=114 err="No MultiFormat Readers were able to detect the code."
[14:53:36.105] [DBG] barcode decode threw (non-NotFound) scope=ocr.barcode dur_ms=103 err="No MultiFormat Readers were able to detect the code."
[14:53:36.239] [DBG] barcode decode threw (non-NotFound) scope=ocr.barcode dur_ms=134 err="No MultiFormat Readers were able to detect the code."
[14:53:36.455] [DBG] barcode decode threw (non-NotFound) scope=ocr.barcode dur_ms=161 err="No MultiFormat Readers were able to detect the code."
[14:53:36.562] [DBG] barcode decode threw (non-NotFound) scope=ocr.barcode dur_ms=105 err="No MultiFormat Readers were able to detect the code."
[14:53:36.681] [DBG] barcode decode threw (non-NotFound) scope=ocr.barcode dur_ms=118 err="No MultiFormat Readers were able to detect the code."
[14:53:36.788] [DBG] barcode decode threw (non-NotFound) scope=ocr.barcode dur_ms=103 err="No MultiFormat Readers were able to detect the code."
[14:53:36.889] [DBG] barcode decode threw (non-NotFound) scope=ocr.barcode dur_ms=101 err="No MultiFormat Readers were able to detect the code."
[14:53:37.166] [DBG] barcode decode threw (non-NotFound) scope=ocr.barcode dur_ms=209 err="No MultiFormat Readers were able to detect the code."
[14:53:37.294] [DBG] barcode decode threw (non-NotFound) scope=ocr.barcode dur_ms=127 err="No MultiFormat Readers were able to detect the code."
[14:53:37.395] [DBG] barcode decode threw (non-NotFound) scope=ocr.barcode dur_ms=101 err="No MultiFormat Readers were able to detect the code."
[14:53:37.509] [DBG] barcode decode threw (non-NotFound) scope=ocr.barcode dur_ms=113 err="No MultiFormat Readers were able to detect the code."
[14:53:37.609] [DBG] barcode decode threw (non-NotFound) scope=ocr.barcode dur_ms=99 err="No MultiFormat Readers were able to detect the code."
[14:53:37.812] [DBG] barcode decode threw (non-NotFound) scope=ocr.barcode dur_ms=146 err="No MultiFormat Readers were able to detect the code."
[14:53:37.909] [DBG] barcode decode threw (non-NotFound) scope=ocr.barcode dur_ms=97 err="No MultiFormat Readers were able to detect the code."
[14:53:38.026] [DBG] barcode decode threw (non-NotFound) scope=ocr.barcode dur_ms=117 err="No MultiFormat Readers were able to detect the code."
[14:53:38.140] [DBG] barcode decode threw (non-NotFound) scope=ocr.barcode dur_ms=113 err="No MultiFormat Readers were able to detect the code."
[14:53:38.224] [DBG] barcode decode threw (non-NotFound) scope=ocr.barcode dur_ms=84 err="No MultiFormat Readers were able to detect the code."
[14:53:38.427] [DBG] barcode decode threw (non-NotFound) scope=ocr.barcode dur_ms=129 err="No MultiFormat Readers were able to detect the code."
[14:53:38.572] [DBG] barcode decode threw (non-NotFound) scope=ocr.barcode dur_ms=140 err="No MultiFormat Readers were able to detect the code."
[14:53:38.746] [DBG] barcode decode threw (non-NotFound) scope=ocr.barcode dur_ms=156 err="No MultiFormat Readers were able to detect the code."
[14:53:38.924] [DBG] barcode decode threw (non-NotFound) scope=ocr.barcode dur_ms=153 err="No MultiFormat Readers were able to detect the code."
[14:53:39.089] [DBG] barcode decode threw (non-NotFound) scope=ocr.barcode dur_ms=165 err="No MultiFormat Readers were able to detect the code."
[14:53:39.228] [DBG] barcode decode threw (non-NotFound) scope=ocr.barcode dur_ms=138 err="No MultiFormat Readers were able to detect the code."
[14:53:39.367] [DBG] barcode decode threw (non-NotFound) scope=ocr.barcode dur_ms=125 err="No MultiFormat Readers were able to detect the code."
[14:53:39.558] [DBG] barcode decode threw (non-NotFound) scope=ocr.barcode dur_ms=169 err="No MultiFormat Readers were able to detect the code."
[14:53:39.708] [DBG] barcode decode threw (non-NotFound) scope=ocr.barcode dur_ms=150 err="No MultiFormat Readers were able to detect the code."
[14:53:39.832] [DBG] barcode decode threw (non-NotFound) scope=ocr.barcode dur_ms=116 err="No MultiFormat Readers were able to detect the code."
[14:53:39.943] [DBG] barcode decode threw (non-NotFound) scope=ocr.barcode dur_ms=111 err="No MultiFormat Readers were able to detect the code."
[14:53:40.071] [DBG] barcode decode threw (non-NotFound) scope=ocr.barcode dur_ms=128 err="No MultiFormat Readers were able to detect the code."
[14:53:40.216] [DBG] barcode decode threw (non-NotFound) scope=ocr.barcode dur_ms=131 err="No MultiFormat Readers were able to detect the code."
[14:53:40.441] [DBG] barcode decode threw (non-NotFound) scope=ocr.barcode dur_ms=197 err="No MultiFormat Readers were able to detect the code."
[14:53:40.555] [DBG] barcode decode threw (non-NotFound) scope=ocr.barcode dur_ms=113 err="No MultiFormat Readers were able to detect the code."
[14:53:40.693] [DBG] barcode decode threw (non-NotFound) scope=ocr.barcode dur_ms=138 err="No MultiFormat Readers were able to detect the code."
[14:53:40.893] [DBG] barcode decode threw (non-NotFound) scope=ocr.barcode dur_ms=187 err="No MultiFormat Readers were able to detect the code."
[14:53:41.055] [DBG] barcode decode threw (non-NotFound) scope=ocr.barcode dur_ms=161 err="No MultiFormat Readers were able to detect the code."
[14:53:41.232] [DBG] barcode decode threw (non-NotFound) scope=ocr.barcode dur_ms=177 err="No MultiFormat Readers were able to detect the code."
[14:53:41.468] [DBG] barcode decode threw (non-NotFound) scope=ocr.barcode dur_ms=215 err="No MultiFormat Readers were able to detect the code."
[14:53:41.637] [DBG] barcode decode threw (non-NotFound) scope=ocr.barcode dur_ms=160 err="No MultiFormat Readers were able to detect the code."
[14:53:41.766] [DBG] barcode decode threw (non-NotFound) scope=ocr.barcode dur_ms=129 err="No MultiFormat Readers were able to detect the code."
[14:53:41.914] [DBG] barcode decode threw (non-NotFound) scope=ocr.barcode dur_ms=147 err="No MultiFormat Readers were able to detect the code."
[14:53:42.113] [DBG] barcode decode threw (non-NotFound) scope=ocr.barcode dur_ms=174 err="No MultiFormat Readers were able to detect the code."
[14:53:42.307] [DBG] barcode decode threw (non-NotFound) scope=ocr.barcode dur_ms=171 err="No MultiFormat Readers were able to detect the code."
[14:53:42.441] [DBG] barcode decode threw (non-NotFound) scope=ocr.barcode dur_ms=134 err="No MultiFormat Readers were able to detect the code."
[14:53:42.589] [DBG] barcode decode threw (non-NotFound) scope=ocr.barcode dur_ms=147 err="No MultiFormat Readers were able to detect the code."
[14:53:42.748] [DBG] barcode decode threw (non-NotFound) scope=ocr.barcode dur_ms=147 err="No MultiFormat Readers were able to detect the code."
[14:53:42.885] [DBG] barcode decode threw (non-NotFound) scope=ocr.barcode dur_ms=136 err="No MultiFormat Readers were able to detect the code."
[14:53:43.094] [DBG] barcode decode threw (non-NotFound) scope=ocr.barcode dur_ms=172 err="No MultiFormat Readers were able to detect the code."
[14:53:43.249] [DBG] barcode decode threw (non-NotFound) scope=ocr.barcode dur_ms=144 err="No MultiFormat Readers were able to detect the code."
[14:53:43.401] [DBG] barcode decode threw (non-NotFound) scope=ocr.barcode dur_ms=152 err="No MultiFormat Readers were able to detect the code."
[14:53:43.500] [DBG] barcode decode threw (non-NotFound) scope=ocr.barcode dur_ms=98 err="No MultiFormat Readers were able to detect the code."
[14:53:43.663] [DBG] barcode decode threw (non-NotFound) scope=ocr.barcode dur_ms=162 err="No MultiFormat Readers were able to detect the code."
[14:53:43.765] [DBG] barcode decode threw (non-NotFound) scope=ocr.barcode dur_ms=99 err="No MultiFormat Readers were able to detect the code."
[14:53:44.051] [DBG] barcode decode threw (non-NotFound) scope=ocr.barcode dur_ms=215 err="No MultiFormat Readers were able to detect the code."
[14:53:44.176] [DBG] barcode decode threw (non-NotFound) scope=ocr.barcode dur_ms=125 err="No MultiFormat Readers were able to detect the code."
[14:53:44.296] [DBG] barcode decode threw (non-NotFound) scope=ocr.barcode dur_ms=120 err="No MultiFormat Readers were able to detect the code."
[14:53:44.422] [DBG] barcode decode threw (non-NotFound) scope=ocr.barcode dur_ms=125 err="No MultiFormat Readers were able to detect the code."
[14:53:44.569] [DBG] barcode decode threw (non-NotFound) scope=ocr.barcode dur_ms=147 err="No MultiFormat Readers were able to detect the code."
[14:53:44.707] [DBG] barcode decode threw (non-NotFound) scope=ocr.barcode dur_ms=137 err="No MultiFormat Readers were able to detect the code."
[14:53:44.957] [DBG] barcode decode threw (non-NotFound) scope=ocr.barcode dur_ms=178 err="No MultiFormat Readers were able to detect the code."
[14:53:45.057] [DBG] barcode decode threw (non-NotFound) scope=ocr.barcode dur_ms=96 err="No MultiFormat Readers were able to detect the code."
[14:53:45.218] [DBG] barcode decode threw (non-NotFound) scope=ocr.barcode dur_ms=160 err="No MultiFormat Readers were able to detect the code."
[14:53:45.369] [DBG] barcode decode threw (non-NotFound) scope=ocr.barcode dur_ms=150 err="No MultiFormat Readers were able to detect the code."
[14:53:45.484] [DBG] barcode decode threw (non-NotFound) scope=ocr.barcode dur_ms=115 err="No MultiFormat Readers were able to detect the code."
[14:53:45.593] [DBG] barcode decode threw (non-NotFound) scope=ocr.barcode dur_ms=108 err="No MultiFormat Readers were able to detect the code."
[14:53:45.884] [DBG] barcode decode threw (non-NotFound) scope=ocr.barcode dur_ms=184 err="No MultiFormat Readers were able to detect the code."
[14:53:46.033] [DBG] barcode decode threw (non-NotFound) scope=ocr.barcode dur_ms=148 err="No MultiFormat Readers were able to detect the code."
[14:53:46.148] [DBG] barcode decode threw (non-NotFound) scope=ocr.barcode dur_ms=114 err="No MultiFormat Readers were able to detect the code."
[14:53:46.255] [DBG] barcode decode threw (non-NotFound) scope=ocr.barcode dur_ms=107 err="No MultiFormat Readers were able to detect the code."
[14:53:46.390] [DBG] barcode decode threw (non-NotFound) scope=ocr.barcode dur_ms=135 err="No MultiFormat Readers were able to detect the code."
[14:53:46.697] [DBG] barcode decode threw (non-NotFound) scope=ocr.barcode dur_ms=224 err="No MultiFormat Readers were able to detect the code."
[14:53:46.840] [DBG] barcode decode threw (non-NotFound) scope=ocr.barcode dur_ms=141 err="No MultiFormat Readers were able to detect the code."
[14:53:46.957] [DBG] barcode decode threw (non-NotFound) scope=ocr.barcode dur_ms=116 err="No MultiFormat Readers were able to detect the code."
[14:53:47.084] [DBG] barcode decode threw (non-NotFound) scope=ocr.barcode dur_ms=126 err="No MultiFormat Readers were able to detect the code."
[14:53:47.222] [DBG] barcode decode threw (non-NotFound) scope=ocr.barcode dur_ms=137 err="No MultiFormat Readers were able to detect the code."
[14:53:47.473] [DBG] barcode decode threw (non-NotFound) scope=ocr.barcode dur_ms=161 err="No MultiFormat Readers were able to detect the code."
[14:53:47.619] [DBG] barcode decode threw (non-NotFound) scope=ocr.barcode dur_ms=146 err="No MultiFormat Readers were able to detect the code."
[14:53:47.723] [DBG] barcode decode threw (non-NotFound) scope=ocr.barcode dur_ms=103 err="No MultiFormat Readers were able to detect the code."
[14:53:47.859] [DBG] barcode decode threw (non-NotFound) scope=ocr.barcode dur_ms=136 err="No MultiFormat Readers were able to detect the code."
[14:53:48.121] [DBG] barcode decode threw (non-NotFound) scope=ocr.barcode dur_ms=180 err="No MultiFormat Readers were able to detect the code."
[14:53:48.268] [DBG] barcode decode threw (non-NotFound) scope=ocr.barcode dur_ms=147 err="No MultiFormat Readers were able to detect the code."
[14:53:48.416] [DBG] barcode decode threw (non-NotFound) scope=ocr.barcode dur_ms=148 err="No MultiFormat Readers were able to detect the code."
[14:53:48.714] [DBG] barcode decode threw (non-NotFound) scope=ocr.barcode dur_ms=185 err="No MultiFormat Readers were able to detect the code."
[14:53:48.911] [DBG] barcode decode threw (non-NotFound) scope=ocr.barcode dur_ms=196 err="No MultiFormat Readers were able to detect the code."
[14:53:49.068] [DBG] barcode decode threw (non-NotFound) scope=ocr.barcode dur_ms=157 err="No MultiFormat Readers were able to detect the code."
[14:53:49.147] [DBG] barcode decode threw (non-NotFound) scope=ocr.barcode dur_ms=79 err="No MultiFormat Readers were able to detect the code."
[14:53:49.364] [DBG] barcode decode threw (non-NotFound) scope=ocr.barcode dur_ms=162 err="No MultiFormat Readers were able to detect the code."
[14:53:49.477] [DBG] barcode decode threw (non-NotFound) scope=ocr.barcode dur_ms=112 err="No MultiFormat Readers were able to detect the code."
[14:53:49.586] [DBG] barcode decode threw (non-NotFound) scope=ocr.barcode dur_ms=109 err="No MultiFormat Readers were able to detect the code."
[14:53:49.679] [DBG] barcode decode threw (non-NotFound) scope=ocr.barcode dur_ms=93 err="No MultiFormat Readers were able to detect the code."
[14:53:49.760] [DBG] barcode decode threw (non-NotFound) scope=ocr.barcode dur_ms=81 err="No MultiFormat Readers were able to detect the code."
[14:53:49.860] [DBG] barcode decode threw (non-NotFound) scope=ocr.barcode dur_ms=100 err="No MultiFormat Readers were able to detect the code."
[14:53:50.021] [DBG] barcode decode threw (non-NotFound) scope=ocr.barcode dur_ms=114 err="No MultiFormat Readers were able to detect the code."
[14:53:50.162] [DBG] barcode decode threw (non-NotFound) scope=ocr.barcode dur_ms=140 err="No MultiFormat Readers were able to detect the code."
[14:53:50.254] [DBG] barcode decode threw (non-NotFound) scope=ocr.barcode dur_ms=92 err="No MultiFormat Readers were able to detect the code."
[14:53:50.387] [DBG] barcode decode threw (non-NotFound) scope=ocr.barcode dur_ms=132 err="No MultiFormat Readers were able to detect the code."
[14:53:50.460] [DBG] barcode decode threw (non-NotFound) scope=ocr.barcode dur_ms=72 err="No MultiFormat Readers were able to detect the code."
[14:53:50.559] [DBG] barcode decode threw (non-NotFound) scope=ocr.barcode dur_ms=99 err="No MultiFormat Readers were able to detect the code."
[14:53:50.776] [DBG] barcode decode threw (non-NotFound) scope=ocr.barcode dur_ms=153 err="No MultiFormat Readers were able to detect the code."
[14:53:50.899] [DBG] barcode decode threw (non-NotFound) scope=ocr.barcode dur_ms=123 err="No MultiFormat Readers were able to detect the code."
[14:53:50.996] [DBG] barcode decode threw (non-NotFound) scope=ocr.barcode dur_ms=97 err="No MultiFormat Readers were able to detect the code."
[14:53:51.063] [DBG] barcode decode threw (non-NotFound) scope=ocr.barcode dur_ms=67 err="No MultiFormat Readers were able to detect the code."
[14:53:51.281] [DBG] barcode decode threw (non-NotFound) scope=ocr.barcode dur_ms=147 err="No MultiFormat Readers were able to detect the code."
[14:53:51.387] [DBG] barcode decode threw (non-NotFound) scope=ocr.barcode dur_ms=106 err="No MultiFormat Readers were able to detect the code."
[14:53:51.498] [DBG] barcode decode threw (non-NotFound) scope=ocr.barcode dur_ms=107 err="No MultiFormat Readers were able to detect the code."
[14:53:51.585] [DBG] barcode decode threw (non-NotFound) scope=ocr.barcode dur_ms=87 err="No MultiFormat Readers were able to detect the code."
[14:53:51.678] [DBG] barcode decode threw (non-NotFound) scope=ocr.barcode dur_ms=93 err="No MultiFormat Readers were able to detect the code."
[14:53:51.776] [DBG] barcode decode threw (non-NotFound) scope=ocr.barcode dur_ms=98 err="No MultiFormat Readers were able to detect the code."
[14:53:51.863] [DBG] barcode decode threw (non-NotFound) scope=ocr.barcode dur_ms=87 err="No MultiFormat Readers were able to detect the code."
[14:53:52.170] [DBG] barcode decode threw (non-NotFound) scope=ocr.barcode dur_ms=239 err="No MultiFormat Readers were able to detect the code."
[14:53:52.312] [DBG] barcode decode threw (non-NotFound) scope=ocr.barcode dur_ms=141 err="No MultiFormat Readers were able to detect the code."
[14:53:52.428] [DBG] barcode decode threw (non-NotFound) scope=ocr.barcode dur_ms=115 err="No MultiFormat Readers were able to detect the code."
[14:53:52.551] [DBG] barcode decode threw (non-NotFound) scope=ocr.barcode dur_ms=122 err="No MultiFormat Readers were able to detect the code."
[14:53:52.645] [DBG] barcode decode threw (non-NotFound) scope=ocr.barcode dur_ms=93 err="No MultiFormat Readers were able to detect the code."
[14:53:52.756] [DBG] barcode decode threw (non-NotFound) scope=ocr.barcode dur_ms=111 err="No MultiFormat Readers were able to detect the code."
[14:53:52.864] [DBG] barcode decode threw (non-NotFound) scope=ocr.barcode dur_ms=108 err="No MultiFormat Readers were able to detect the code."
[14:53:53.173] [DBG] barcode decode threw (non-NotFound) scope=ocr.barcode dur_ms=227 err="No MultiFormat Readers were able to detect the code."
[14:53:53.302] [DBG] barcode decode threw (non-NotFound) scope=ocr.barcode dur_ms=122 err="No MultiFormat Readers were able to detect the code."
[14:53:53.417] [DBG] barcode decode threw (non-NotFound) scope=ocr.barcode dur_ms=115 err="No MultiFormat Readers were able to detect the code."
[14:53:53.528] [DBG] barcode decode threw (non-NotFound) scope=ocr.barcode dur_ms=111 err="No MultiFormat Readers were able to detect the code."
[14:53:53.641] [DBG] barcode decode threw (non-NotFound) scope=ocr.barcode dur_ms=113 err="No MultiFormat Readers were able to detect the code."
[14:53:53.751] [DBG] barcode decode threw (non-NotFound) scope=ocr.barcode dur_ms=109 err="No MultiFormat Readers were able to detect the code."
[14:53:53.847] [DBG] barcode decode threw (non-NotFound) scope=ocr.barcode dur_ms=95 err="No MultiFormat Readers were able to detect the code."
[14:53:54.106] [DBG] barcode decode threw (non-NotFound) scope=ocr.barcode dur_ms=190 err="No MultiFormat Readers were able to detect the code."
[14:53:54.220] [DBG] barcode decode threw (non-NotFound) scope=ocr.barcode dur_ms=108 err="No MultiFormat Readers were able to detect the code."
[14:53:54.319] [DBG] barcode decode threw (non-NotFound) scope=ocr.barcode dur_ms=99 err="No MultiFormat Readers were able to detect the code."
[14:53:54.423] [DBG] barcode decode threw (non-NotFound) scope=ocr.barcode dur_ms=103 err="No MultiFormat Readers were able to detect the code."
[14:53:54.530] [DBG] barcode decode threw (non-NotFound) scope=ocr.barcode dur_ms=107 err="No MultiFormat Readers were able to detect the code."
[14:53:54.643] [DBG] barcode decode threw (non-NotFound) scope=ocr.barcode dur_ms=113 err="No MultiFormat Readers were able to detect the code."
[14:53:54.731] [DBG] barcode decode threw (non-NotFound) scope=ocr.barcode dur_ms=88 err="No MultiFormat Readers were able to detect the code."
[14:53:54.961] [DBG] barcode decode threw (non-NotFound) scope=ocr.barcode dur_ms=163 err="No MultiFormat Readers were able to detect the code."
[14:53:55.099] [DBG] barcode decode threw (non-NotFound) scope=ocr.barcode dur_ms=137 err="No MultiFormat Readers were able to detect the code."
[14:53:55.222] [DBG] barcode decode threw (non-NotFound) scope=ocr.barcode dur_ms=123 err="No MultiFormat Readers were able to detect the code."
[14:53:55.339] [DBG] barcode decode threw (non-NotFound) scope=ocr.barcode dur_ms=117 err="No MultiFormat Readers were able to detect the code."
[14:53:55.448] [DBG] barcode decode threw (non-NotFound) scope=ocr.barcode dur_ms=108 err="No MultiFormat Readers were able to detect the code."
[14:53:55.555] [DBG] barcode decode threw (non-NotFound) scope=ocr.barcode dur_ms=106 err="No MultiFormat Readers were able to detect the code."
[14:53:55.798] [DBG] barcode decode threw (non-NotFound) scope=ocr.barcode dur_ms=175 err="No MultiFormat Readers were able to detect the code."
[14:53:55.932] [DBG] barcode decode threw (non-NotFound) scope=ocr.barcode dur_ms=133 err="No MultiFormat Readers were able to detect the code."
[14:53:56.035] [DBG] barcode decode threw (non-NotFound) scope=ocr.barcode dur_ms=103 err="No MultiFormat Readers were able to detect the code."
[14:53:56.155] [DBG] barcode decode threw (non-NotFound) scope=ocr.barcode dur_ms=120 err="No MultiFormat Readers were able to detect the code."
[14:53:56.271] [DBG] barcode decode threw (non-NotFound) scope=ocr.barcode dur_ms=116 err="No MultiFormat Readers were able to detect the code."
[14:53:56.380] [DBG] barcode decode threw (non-NotFound) scope=ocr.barcode dur_ms=109 err="No MultiFormat Readers were able to detect the code."
[14:53:56.478] [DBG] barcode decode threw (non-NotFound) scope=ocr.barcode dur_ms=97 err="No MultiFormat Readers were able to detect the code."
[14:53:56.747] [DBG] barcode decode threw (non-NotFound) scope=ocr.barcode dur_ms=197 err="No MultiFormat Readers were able to detect the code."
[14:53:56.866] [DBG] barcode decode threw (non-NotFound) scope=ocr.barcode dur_ms=119 err="No MultiFormat Readers were able to detect the code."
[14:53:56.999] [DBG] barcode decode threw (non-NotFound) scope=ocr.barcode dur_ms=133 err="No MultiFormat Readers were able to detect the code."
[14:53:57.128] [DBG] barcode decode threw (non-NotFound) scope=ocr.barcode dur_ms=128 err="No MultiFormat Readers were able to detect the code."
[14:53:57.273] [DBG] barcode decode threw (non-NotFound) scope=ocr.barcode dur_ms=145 err="No MultiFormat Readers were able to detect the code."
[14:53:57.411] [DBG] barcode decode threw (non-NotFound) scope=ocr.barcode dur_ms=138 err="No MultiFormat Readers were able to detect the code."
[14:53:57.569] [DBG] barcode decode threw (non-NotFound) scope=ocr.barcode dur_ms=157 err="No MultiFormat Readers were able to detect the code."
[14:53:57.821] [DBG] barcode decode threw (non-NotFound) scope=ocr.barcode dur_ms=167 err="No MultiFormat Readers were able to detect the code."
[14:53:57.967] [DBG] barcode decode threw (non-NotFound) scope=ocr.barcode dur_ms=131 err="No MultiFormat Readers were able to detect the code."
[14:53:58.079] [DBG] barcode decode threw (non-NotFound) scope=ocr.barcode dur_ms=111 err="No MultiFormat Readers were able to detect the code."
[14:53:58.195] [DBG] barcode decode threw (non-NotFound) scope=ocr.barcode dur_ms=116 err="No MultiFormat Readers were able to detect the code."
[14:53:58.339] [DBG] barcode decode threw (non-NotFound) scope=ocr.barcode dur_ms=144 err="No MultiFormat Readers were able to detect the code."
[14:53:58.528] [DBG] barcode decode threw (non-NotFound) scope=ocr.barcode dur_ms=177 err="No MultiFormat Readers were able to detect the code."
[14:53:58.673] [DBG] barcode decode threw (non-NotFound) scope=ocr.barcode dur_ms=144 err="No MultiFormat Readers were able to detect the code."
[14:53:58.850] [DBG] barcode decode threw (non-NotFound) scope=ocr.barcode dur_ms=170 err="No MultiFormat Readers were able to detect the code."
[14:53:58.988] [DBG] barcode decode threw (non-NotFound) scope=ocr.barcode dur_ms=133 err="No MultiFormat Readers were able to detect the code."
[14:53:59.208] [DBG] barcode decode threw (non-NotFound) scope=ocr.barcode dur_ms=200 err="No MultiFormat Readers were able to detect the code."
[14:53:59.322] [DBG] barcode decode threw (non-NotFound) scope=ocr.barcode dur_ms=111 err="No MultiFormat Readers were able to detect the code."
[14:53:59.443] [DBG] barcode decode threw (non-NotFound) scope=ocr.barcode dur_ms=121 err="No MultiFormat Readers were able to detect the code."
[14:53:59.559] [DBG] barcode decode threw (non-NotFound) scope=ocr.barcode dur_ms=115 err="No MultiFormat Readers were able to detect the code."
[14:53:59.664] [DBG] barcode decode threw (non-NotFound) scope=ocr.barcode dur_ms=105 err="No MultiFormat Readers were able to detect the code."
[14:53:59.848] [DBG] barcode decode threw (non-NotFound) scope=ocr.barcode dur_ms=132 err="No MultiFormat Readers were able to detect the code."
[14:53:59.982] [DBG] barcode decode threw (non-NotFound) scope=ocr.barcode dur_ms=130 err="No MultiFormat Readers were able to detect the code."
[14:54:00.103] [DBG] barcode decode threw (non-NotFound) scope=ocr.barcode dur_ms=121 err="No MultiFormat Readers were able to detect the code."
[14:54:00.211] [DBG] barcode decode threw (non-NotFound) scope=ocr.barcode dur_ms=108 err="No MultiFormat Readers were able to detect the code."
[14:54:00.310] [DBG] barcode decode threw (non-NotFound) scope=ocr.barcode dur_ms=99 err="No MultiFormat Readers were able to detect the code."
[14:54:00.429] [DBG] barcode decode threw (non-NotFound) scope=ocr.barcode dur_ms=119 err="No MultiFormat Readers were able to detect the code."
[14:54:00.551] [DBG] barcode decode threw (non-NotFound) scope=ocr.barcode dur_ms=116 err="No MultiFormat Readers were able to detect the code."
[14:54:00.758] [DBG] barcode decode threw (non-NotFound) scope=ocr.barcode dur_ms=157 err="No MultiFormat Readers were able to detect the code."
[14:54:00.893] [DBG] barcode decode threw (non-NotFound) scope=ocr.barcode dur_ms=127 err="No MultiFormat Readers were able to detect the code."
[14:54:01.004] [DBG] barcode decode threw (non-NotFound) scope=ocr.barcode dur_ms=110 err="No MultiFormat Readers were able to detect the code."
[14:54:01.106] [DBG] barcode decode threw (non-NotFound) scope=ocr.barcode dur_ms=101 err="No MultiFormat Readers were able to detect the code."
[14:54:01.221] [DBG] barcode decode threw (non-NotFound) scope=ocr.barcode dur_ms=115 err="No MultiFormat Readers were able to detect the code."
[14:54:01.322] [DBG] barcode decode threw (non-NotFound) scope=ocr.barcode dur_ms=101 err="No MultiFormat Readers were able to detect the code."
[14:54:01.452] [DBG] barcode decode threw (non-NotFound) scope=ocr.barcode dur_ms=125 err="No MultiFormat Readers were able to detect the code."
[14:54:01.635] [DBG] barcode decode threw (non-NotFound) scope=ocr.barcode dur_ms=152 err="No MultiFormat Readers were able to detect the code."
[14:54:01.760] [DBG] barcode decode threw (non-NotFound) scope=ocr.barcode dur_ms=117 err="No MultiFormat Readers were able to detect the code."
[14:54:01.859] [DBG] barcode decode threw (non-NotFound) scope=ocr.barcode dur_ms=98 err="No MultiFormat Readers were able to detect the code."
[14:54:01.978] [DBG] barcode decode threw (non-NotFound) scope=ocr.barcode dur_ms=118 err="No MultiFormat Readers were able to detect the code."
[14:54:02.087] [DBG] barcode decode threw (non-NotFound) scope=ocr.barcode dur_ms=108 err="No MultiFormat Readers were able to detect the code."
[14:54:02.197] [DBG] barcode decode threw (non-NotFound) scope=ocr.barcode dur_ms=110 err="No MultiFormat Readers were able to detect the code."
[14:54:02.315] [DBG] barcode decode threw (non-NotFound) scope=ocr.barcode dur_ms=113 err="No MultiFormat Readers were able to detect the code."
[14:54:02.459] [DBG] barcode decode threw (non-NotFound) scope=ocr.barcode dur_ms=139 err="No MultiFormat Readers were able to detect the code."
[14:54:02.600] [DBG] barcode decode threw (non-NotFound) scope=ocr.barcode dur_ms=139 err="No MultiFormat Readers were able to detect the code."
[bench] [phase2.png] OCR done: 230/230 in 33.2s  (avg 145ms/img)

[bench] ─── SUMMARY ───────────────────────────────────────
[bench] images:            257
[bench] wall time:         54.6s
[bench] throughput:        4.71 img/s
[bench] mean per-image:    1591ms
[bench] code hit rate:     155/257 (60%)
[bench] provider mix:      {"tesseract":257}

[bench] slowest 5:
        18308ms  2026-04-07 15.32.29.jpg  → 7EEGAACORD via tesseract
        16445ms  2026-04-07 15.32.55.jpg  → ZZ90DAYS via tesseract
        15082ms  2026-04-07 15.26.37.jpg  → SER3SAAS via tesseract
        14355ms  2026-04-07 15.38.53.jpg  → 8L9OPAVS via tesseract
        9178ms  2026-04-07 15.43.01.jpg  → AHTLBIO0 via tesseract
[bench] report: D:\OCR Project\ocr-crm\ocr-bench-report.json
